WARNING : Using CLI version 2.52.1 but project's `requirements.txt`
WARNING : is configured to use 2.52.0. Consider either installing
WARNING : CLI version 2.52.0 or running `pretext update-project`
WARNING : to update `requirements.txt` and other managed files to match 2.52.1.
INFO    : Building target print
INFO    : XSL conversion of /home/wellsc/classes/123/Course/source/course.ptx by /home/wellsc/.ptx/2.52.1/core/xsl/utilities/pretext-enhanced-source.xsl
INFO    : successful application of /home/wellsc/.ptx/2.52.1/core/xsl/utilities/pretext-enhanced-source.xsl
WARNING : PreTeXt source did not pass schema validation (5 messages); unexpected output may result. Continuing anyway.
WARNING :   Messages: /home/wellsc/classes/123/Course/logs/schema-errors.log
WARNING :   Line numbers refer to the assembled source: /home/wellsc/classes/123/Course/logs/schema-assembled-source.xml
WARNING :   Run `pretext validate` for a report that names the source files.
INFO    : discovering source file's directory name: /home/wellsc/classes/123/Course/source
INFO    : verifying and expanding input directory: /home/wellsc/classes/123/Course/source/../assets
INFO    : input directory expanded to absolute path: /home/wellsc/classes/123/Course/assets
INFO    : Generating any needed assets.
INFO    : converting PreFigure diagrams from /home/wellsc/classes/123/Course/source/course.ptx to PDF graphics for placement in /home/wellsc/classes/123/Course/generated-assets/prefigure
INFO    : extracting PreFigure diagrams from /home/wellsc/classes/123/Course/source/course.ptx
INFO    : string parameters passed to extraction stylesheet: {'cli.version': '2.52', 'publisher': '/home/wellsc/classes/123/Course/publication/publication.ptx'}
INFO    : XSL conversion of /home/wellsc/classes/123/Course/source/course.ptx by /home/wellsc/.ptx/2.52.1/core/xsl/extract-prefigure.xsl
INFO    : successful application of /home/wellsc/.ptx/2.52.1/core/xsl/extract-prefigure.xsl
INFO    : discovering source file's directory name: /home/wellsc/classes/123/Course/source
INFO    : verifying and expanding input directory: /home/wellsc/classes/123/Course/source/../assets
INFO    : input directory expanded to absolute path: /home/wellsc/classes/123/Course/assets
INFO    : discovering source file's directory name: /home/wellsc/classes/123/Course/source
INFO    : compiling PreFigure source file prefigure_vec_add_forces_on_body.xml to PDF
INFO    : copying PreFigure output to /home/wellsc/classes/123/Course/generated-assets/prefigure
INFO    : Removing temporary directory /tmp/ptx-2y0j6f4v
INFO    : Finished generating assets.

INFO    : Preparing to build into /home/wellsc/classes/123/Course/output/print.
INFO    : discovering source file's directory name: /home/wellsc/classes/123/Course/source
INFO    : verifying and expanding input directory: /home/wellsc/classes/123/Course/source/../assets
INFO    : input directory expanded to absolute path: /home/wellsc/classes/123/Course/assets
INFO    : discovering source file's directory name: /home/wellsc/classes/123/Course/source
INFO    : XSL conversion of /home/wellsc/classes/123/Course/source/course.ptx by /home/wellsc/.ptx/2.52.1/core/xsl/utilities/report-publisher-variables.xsl
INFO    : successful application of /home/wellsc/.ptx/2.52.1/core/xsl/utilities/report-publisher-variables.xsl
INFO    : converting /home/wellsc/classes/123/Course/source/course.ptx to LaTeX as /tmp/ptx-m7bq0jre/course.tex
INFO    : XSL conversion of /home/wellsc/classes/123/Course/source/course.ptx by /home/wellsc/.ptx/2.52.1/core/xsl/pretext-latex.xsl
INFO    : messages from the log for XSL processing (prefaced with a *):
INFO    : * PTX:INFO:   checking all deprecated elements.
INFO    : successful application of /home/wellsc/.ptx/2.52.1/core/xsl/pretext-latex.xsl
INFO    : XSL conversion of /home/wellsc/classes/123/Course/source/course.ptx by /home/wellsc/.ptx/2.52.1/core/xsl/utilities/report-publisher-variables.xsl
INFO    : successful application of /home/wellsc/.ptx/2.52.1/core/xsl/utilities/report-publisher-variables.xsl
INFO    : Rerunning LaTeX for course.tex (pass 2)
INFO    : Removing temporary directory /tmp/ptx-m7bq0jre
INFO    : Removing temporary directory /tmp/ptx-vm1nxdye
INFO    : Removing temporary directory /tmp/ptx-8qtygfju
INFO    : 
Finished build for target print. The output is in /home/wellsc/classes/123/Course/output/print.

INFO    : 
Success!  Built requested target(s) without errors.

INFO    : 
