INFO    : Since no target was supplied, we will use "course".

INFO    : Building target course
INFO    : XSL conversion of /home/wellsc/classes/123/Course/source/course.ptx by /home/wellsc/.ptx/2.52.3/core/xsl/utilities/pretext-enhanced-source.xsl
INFO    : successful application of /home/wellsc/.ptx/2.52.3/core/xsl/utilities/pretext-enhanced-source.xsl
INFO    : discovering source file's directory name: /home/wellsc/classes/123/Course/source
INFO    : verifying and expanding input directory: /home/wellsc/classes/123/Course/source/../assets
INFO    : input directory expanded to absolute path: /home/wellsc/classes/123/Course/assets
INFO    : Generating any needed assets.
WARNING : Now generating latex images
INFO    : converting latex-image pictures from /home/wellsc/classes/123/Course/source/course.ptx to svg graphics for placement in /home/wellsc/classes/123/Course/generated-assets/latex-image
INFO    : extracting latex-image pictures from /home/wellsc/classes/123/Course/source/course.ptx
INFO    : string parameters passed to extraction stylesheet: {'cli.version': '2.52', 'publisher': '/home/wellsc/classes/123/Course/publication/publication.ptx'}
INFO    : discovering source file's directory name: /home/wellsc/classes/123/Course/source
INFO    : verifying and expanding input directory: /home/wellsc/classes/123/Course/source/../assets
INFO    : input directory expanded to absolute path: /home/wellsc/classes/123/Course/assets
INFO    : discovering source file's directory name: /home/wellsc/classes/123/Course/source
INFO    : XSL conversion of /home/wellsc/classes/123/Course/source/course.ptx by /home/wellsc/.ptx/2.52.3/core/xsl/extract-latex-image.xsl
INFO    : successful application of /home/wellsc/.ptx/2.52.3/core/xsl/extract-latex-image.xsl
INFO    : converting fig_train_position-2.tex to fig_train_position-2.pdf
INFO    : cropping fig_train_position-2.pdf to cropped-fig_train_position-2.pdf
INFO    : renaming cropped-fig_train_position-2.pdf to fig_train_position-2.pdf
INFO    : converting fig_train_position-2.pdf to fig_train_position-2.svg
INFO    : converting fig_tree-2.tex to fig_tree-2.pdf
INFO    : cropping fig_tree-2.pdf to cropped-fig_tree-2.pdf
INFO    : renaming cropped-fig_tree-2.pdf to fig_tree-2.pdf
INFO    : converting fig_tree-2.pdf to fig_tree-2.svg
INFO    : converting fig_river2-2.tex to fig_river2-2.pdf
INFO    : cropping fig_river2-2.pdf to cropped-fig_river2-2.pdf
INFO    : renaming cropped-fig_river2-2.pdf to fig_river2-2.pdf
INFO    : converting fig_river2-2.pdf to fig_river2-2.svg
INFO    : converting fig_river1-2.tex to fig_river1-2.pdf
INFO    : cropping fig_river1-2.pdf to cropped-fig_river1-2.pdf
INFO    : renaming cropped-fig_river1-2.pdf to fig_river1-2.pdf
INFO    : converting fig_river1-2.pdf to fig_river1-2.svg
INFO    : converting fig_ratios-2.tex to fig_ratios-2.pdf
INFO    : cropping fig_ratios-2.pdf to cropped-fig_ratios-2.pdf
INFO    : renaming cropped-fig_ratios-2.pdf to fig_ratios-2.pdf
INFO    : converting fig_ratios-2.pdf to fig_ratios-2.svg
INFO    : converting fig_sim_tri_example-2.tex to fig_sim_tri_example-2.pdf
INFO    : cropping fig_sim_tri_example-2.pdf to cropped-fig_sim_tri_example-2.pdf
INFO    : renaming cropped-fig_sim_tri_example-2.pdf to fig_sim_tri_example-2.pdf
INFO    : converting fig_sim_tri_example-2.pdf to fig_sim_tri_example-2.svg
INFO    : converting fig_unit_circle-2.tex to fig_unit_circle-2.pdf
INFO    : cropping fig_unit_circle-2.pdf to cropped-fig_unit_circle-2.pdf
INFO    : renaming cropped-fig_unit_circle-2.pdf to fig_unit_circle-2.pdf
INFO    : converting fig_unit_circle-2.pdf to fig_unit_circle-2.svg
INFO    : converting ssec_sine_cosine-9-5-2-1.tex to ssec_sine_cosine-9-5-2-1.pdf
INFO    : cropping ssec_sine_cosine-9-5-2-1.pdf to cropped-ssec_sine_cosine-9-5-2-1.pdf
INFO    : renaming cropped-ssec_sine_cosine-9-5-2-1.pdf to ssec_sine_cosine-9-5-2-1.pdf
INFO    : converting ssec_sine_cosine-9-5-2-1.pdf to ssec_sine_cosine-9-5-2-1.svg
INFO    : converting example_45deg-1-4.tex to example_45deg-1-4.pdf
INFO    : cropping example_45deg-1-4.pdf to cropped-example_45deg-1-4.pdf
INFO    : renaming cropped-example_45deg-1-4.pdf to example_45deg-1-4.pdf
INFO    : converting example_45deg-1-4.pdf to example_45deg-1-4.svg
INFO    : converting fig_unit_circle_theta-2.tex to fig_unit_circle_theta-2.pdf
INFO    : cropping fig_unit_circle_theta-2.pdf to cropped-fig_unit_circle_theta-2.pdf
INFO    : renaming cropped-fig_unit_circle_theta-2.pdf to fig_unit_circle_theta-2.pdf
INFO    : converting fig_unit_circle_theta-2.pdf to fig_unit_circle_theta-2.svg
INFO    : converting fig_radian-2.tex to fig_radian-2.pdf
INFO    : cropping fig_radian-2.pdf to cropped-fig_radian-2.pdf
INFO    : renaming cropped-fig_radian-2.pdf to fig_radian-2.pdf
INFO    : converting fig_radian-2.pdf to fig_radian-2.svg
INFO    : Removing temporary directory /tmp/ptx-86cx62jm
INFO    : Finished generating assets.

INFO    : Preparing to build into /home/wellsc/classes/123/Course/output/course.
INFO    : discovering source file's directory name: /home/wellsc/classes/123/Course/source
INFO    : verifying and expanding input directory: /home/wellsc/classes/123/Course/source/../assets
INFO    : input directory expanded to absolute path: /home/wellsc/classes/123/Course/assets
INFO    : discovering source file's directory name: /home/wellsc/classes/123/Course/source
INFO    : XSL conversion of /home/wellsc/classes/123/Course/source/course.ptx by /home/wellsc/.ptx/2.52.3/core/xsl/utilities/report-publisher-variables.xsl
INFO    : successful application of /home/wellsc/.ptx/2.52.3/core/xsl/utilities/report-publisher-variables.xsl
INFO    : Downloading rs services file from https://runestone.academy/cdn/runestone/latest/webpack_static_imports.xml.
INFO    : Runestone Services via online CDN query: version 8.2.10
INFO    : Downloading Runestone Services, version 8.2.10
INFO    : Extracting Runestone Services from archive file
INFO    : Building custom css theme: theme-denver
INFO    : converting /home/wellsc/classes/123/Course/source/course.ptx to HTML in /tmp/ptx-m3xt3do2
INFO    : XSL conversion of /home/wellsc/classes/123/Course/source/course.ptx by /home/wellsc/.ptx/2.52.3/core/xsl/pretext-html.xsl
INFO    : messages from the log for XSL processing (prefaced with a *):
INFO    : * PTX:INFO:   checking all deprecated elements.
INFO    : successful application of /home/wellsc/.ptx/2.52.3/core/xsl/pretext-html.xsl
INFO    : Removing temporary directory /tmp/ptx-m3xt3do2
INFO    : Removing temporary directory /tmp/ptx-9doch_c1
INFO    : 
Finished build for target course. Run `pretext view course` to see the results.

INFO    : 
Success!  Built requested target(s) without errors.

INFO    : 
