WARNING : Overriding source file for target with: /home/wellsc/classes/123/Course/source/Syllabus.ptx
INFO    : Building target pdf
INFO    : XSL conversion of /home/wellsc/classes/123/Course/source/Syllabus.ptx by /home/wellsc/.ptx/2.52.0/core/xsl/utilities/pretext-enhanced-source.xsl
INFO    : successful application of /home/wellsc/.ptx/2.52.0/core/xsl/utilities/pretext-enhanced-source.xsl
INFO    : discovering source file's directory name: /home/wellsc/classes/123/Course/source
INFO    : verifying and expanding input directory: /home/wellsc/classes/123/Course/source/../assets
INFO    : input directory expanded to absolute path: /home/wellsc/classes/123/Course/assets
INFO    : Generating any needed assets.
INFO    : Finished generating assets.

INFO    : Preparing to build into /home/wellsc/classes/123/Course/output/pdfs.
INFO    : discovering source file's directory name: /home/wellsc/classes/123/Course/source
INFO    : verifying and expanding input directory: /home/wellsc/classes/123/Course/source/../assets
INFO    : input directory expanded to absolute path: /home/wellsc/classes/123/Course/assets
INFO    : discovering source file's directory name: /home/wellsc/classes/123/Course/source
INFO    : XSL conversion of /home/wellsc/classes/123/Course/source/Syllabus.ptx by /home/wellsc/.ptx/2.52.0/core/xsl/utilities/report-publisher-variables.xsl
INFO    : successful application of /home/wellsc/.ptx/2.52.0/core/xsl/utilities/report-publisher-variables.xsl
INFO    : converting /home/wellsc/classes/123/Course/source/Syllabus.ptx to LaTeX as /tmp/ptx-l4mcfbwj/Syllabus.tex
INFO    : XSL conversion of /home/wellsc/classes/123/Course/source/Syllabus.ptx by /home/wellsc/.ptx/2.52.0/core/xsl/pretext-latex.xsl
INFO    : messages from the log for XSL processing (prefaced with a *):
INFO    : * PTX:INFO:   checking all deprecated elements.
ERROR   : * PTX:ERROR:   a cross-reference ("xref") uses references [policies] that do not point to any target, or perhaps point to multiple targets.  Maybe you typed an @xml:id value wrong, maybe the target of the @xml:id is nonexistent, or maybe you temporarily removed the target from your source, or maybe an auxiliary file contains a duplicate.  Your output will contain some placeholder text that you will not want to distribute to your readers.
INFO    : *              located at: pretext/article/section/subsection/p/ul/li/p/xref
INFO    : *              located within: "tldr" (xml:id), "TL;DR" (title)
ERROR   : * PTX:ERROR:   a cross-reference ("xref") uses references [gettingmore] that do not point to any target, or perhaps point to multiple targets.  Maybe you typed an @xml:id value wrong, maybe the target of the @xml:id is nonexistent, or maybe you temporarily removed the target from your source, or maybe an auxiliary file contains a duplicate.  Your output will contain some placeholder text that you will not want to distribute to your readers.
INFO    : *              located at: pretext/article/section/subsection/p/ul/li/p/xref
INFO    : *              located within: "tldr" (xml:id), "TL;DR" (title)
ERROR   : * PTX:ERROR:   a cross-reference ("xref") uses references [policies] that do not point to any target, or perhaps point to multiple targets.  Maybe you typed an @xml:id value wrong, maybe the target of the @xml:id is nonexistent, or maybe you temporarily removed the target from your source, or maybe an auxiliary file contains a duplicate.  Your output will contain some placeholder text that you will not want to distribute to your readers.
INFO    : *              located at: pretext/article/section/subsection/p/xref
INFO    : *              located within: "tldr" (xml:id), "TL;DR" (title)
INFO    : successful application of /home/wellsc/.ptx/2.52.0/core/xsl/pretext-latex.xsl
INFO    : XSL conversion of /home/wellsc/classes/123/Course/source/Syllabus.ptx by /home/wellsc/.ptx/2.52.0/core/xsl/utilities/report-publisher-variables.xsl
INFO    : successful application of /home/wellsc/.ptx/2.52.0/core/xsl/utilities/report-publisher-variables.xsl
INFO    : Rerunning LaTeX for Syllabus.tex (pass 2)
INFO    : Removing temporary directory /tmp/ptx-l4mcfbwj
INFO    : Removing temporary directory /tmp/ptx-5j7c3q4x
INFO    : Removing temporary directory /tmp/ptx-cuqfj57r
INFO    : 
Finished build for target pdf. The output is in /home/wellsc/classes/123/Course/output/pdfs.

FATAL   : There were errors during the build.  See above.
INFO    : ------------------------
exit    : Failed to build without errors.  Exiting...
INFO    : 
----------------------------------------------------
INFO    : While running pretext, the following errors occurred:

INFO    : (see log messages above or in the 'logs' folder for more information)
INFO    : ----------------------------------------------------
