INFO    : Since no target was supplied, we will use "course".

INFO    : Building target course
INFO    : XSL conversion of /home/wellsc/classes/123/Course/source/course.ptx by /home/wellsc/.ptx/2.52.3/core/xsl/utilities/pretext-enhanced-source.xsl
INFO    : successful application of /home/wellsc/.ptx/2.52.3/core/xsl/utilities/pretext-enhanced-source.xsl
INFO    : discovering source file's directory name: /home/wellsc/classes/123/Course/source
INFO    : verifying and expanding input directory: /home/wellsc/classes/123/Course/source/../assets
INFO    : input directory expanded to absolute path: /home/wellsc/classes/123/Course/assets
INFO    : Generating any needed assets.
WARNING : Now generating latex images
INFO    : converting latex-image pictures from /home/wellsc/classes/123/Course/source/course.ptx to svg graphics for placement in /home/wellsc/classes/123/Course/generated-assets/latex-image
INFO    : extracting latex-image pictures from /home/wellsc/classes/123/Course/source/course.ptx
INFO    : string parameters passed to extraction stylesheet: {'cli.version': '2.52', 'publisher': '/home/wellsc/classes/123/Course/publication/publication.ptx'}
INFO    : discovering source file's directory name: /home/wellsc/classes/123/Course/source
INFO    : verifying and expanding input directory: /home/wellsc/classes/123/Course/source/../assets
INFO    : input directory expanded to absolute path: /home/wellsc/classes/123/Course/assets
INFO    : discovering source file's directory name: /home/wellsc/classes/123/Course/source
INFO    : XSL conversion of /home/wellsc/classes/123/Course/source/course.ptx by /home/wellsc/.ptx/2.52.3/core/xsl/extract-latex-image.xsl
INFO    : successful application of /home/wellsc/.ptx/2.52.3/core/xsl/extract-latex-image.xsl
INFO    : converting fig_train_position-2.tex to fig_train_position-2.pdf
ERROR   : LaTeX compilation of fig_train_position-2.tex failed.
Re-run, requesting "source" as the format, to analyze the image.
Likely creating the entire document as PDF will fail similarly.
The transcript of the LaTeX run follows.
WARNING : LaTeX compilation of fig_train_position-2.tex failed
INFO    : converting fig_tree-2.tex to fig_tree-2.pdf
ERROR   : LaTeX compilation of fig_tree-2.tex failed.
Re-run, requesting "source" as the format, to analyze the image.
Likely creating the entire document as PDF will fail similarly.
The transcript of the LaTeX run follows.
WARNING : LaTeX compilation of fig_tree-2.tex failed
INFO    : converting fig_river2-2.tex to fig_river2-2.pdf
ERROR   : LaTeX compilation of fig_river2-2.tex failed.
Re-run, requesting "source" as the format, to analyze the image.
Likely creating the entire document as PDF will fail similarly.
The transcript of the LaTeX run follows.
WARNING : LaTeX compilation of fig_river2-2.tex failed
INFO    : converting fig_river1-2.tex to fig_river1-2.pdf
ERROR   : LaTeX compilation of fig_river1-2.tex failed.
Re-run, requesting "source" as the format, to analyze the image.
Likely creating the entire document as PDF will fail similarly.
The transcript of the LaTeX run follows.
WARNING : LaTeX compilation of fig_river1-2.tex failed
INFO    : converting fig_ratios-2.tex to fig_ratios-2.pdf
ERROR   : LaTeX compilation of fig_ratios-2.tex failed.
Re-run, requesting "source" as the format, to analyze the image.
Likely creating the entire document as PDF will fail similarly.
The transcript of the LaTeX run follows.
WARNING : LaTeX compilation of fig_ratios-2.tex failed
INFO    : converting fig_sim_tri_example-2.tex to fig_sim_tri_example-2.pdf
INFO    : cropping fig_sim_tri_example-2.pdf to cropped-fig_sim_tri_example-2.pdf
INFO    : renaming cropped-fig_sim_tri_example-2.pdf to fig_sim_tri_example-2.pdf
INFO    : converting fig_sim_tri_example-2.pdf to fig_sim_tri_example-2.svg
INFO    : converting fig_unit_circle-2.tex to fig_unit_circle-2.pdf
INFO    : cropping fig_unit_circle-2.pdf to cropped-fig_unit_circle-2.pdf
INFO    : renaming cropped-fig_unit_circle-2.pdf to fig_unit_circle-2.pdf
INFO    : converting fig_unit_circle-2.pdf to fig_unit_circle-2.svg
INFO    : converting ssec_sine_cosine-9-5-2-1.tex to ssec_sine_cosine-9-5-2-1.pdf
INFO    : cropping ssec_sine_cosine-9-5-2-1.pdf to cropped-ssec_sine_cosine-9-5-2-1.pdf
INFO    : renaming cropped-ssec_sine_cosine-9-5-2-1.pdf to ssec_sine_cosine-9-5-2-1.pdf
INFO    : converting ssec_sine_cosine-9-5-2-1.pdf to ssec_sine_cosine-9-5-2-1.svg
INFO    : converting example_45deg-1-4.tex to example_45deg-1-4.pdf
ERROR   : LaTeX compilation of example_45deg-1-4.tex failed.
Re-run, requesting "source" as the format, to analyze the image.
Likely creating the entire document as PDF will fail similarly.
The transcript of the LaTeX run follows.
WARNING : LaTeX compilation of example_45deg-1-4.tex failed
INFO    : converting fig_unit_circle_theta-2.tex to fig_unit_circle_theta-2.pdf
INFO    : cropping fig_unit_circle_theta-2.pdf to cropped-fig_unit_circle_theta-2.pdf
INFO    : renaming cropped-fig_unit_circle_theta-2.pdf to fig_unit_circle_theta-2.pdf
INFO    : converting fig_unit_circle_theta-2.pdf to fig_unit_circle_theta-2.svg
INFO    : converting fig_radian-2.tex to fig_radian-2.pdf
INFO    : cropping fig_radian-2.pdf to cropped-fig_radian-2.pdf
INFO    : renaming cropped-fig_radian-2.pdf to fig_radian-2.pdf
INFO    : converting fig_radian-2.pdf to fig_radian-2.svg
ERROR   : Unable to generate some latex-image assets:
 LaTeX compilation failed for 6 "latex-image"(s).
Review the log for error messages, and LaTeX transcripts.
Images are:
  fig_train_position-2.tex
  fig_tree-2.tex
  fig_river2-2.tex
  fig_river1-2.tex
  fig_ratios-2.tex
  example_45deg-1-4.tex
INFO    : Removing temporary directory /tmp/ptx-nqq9m10q
INFO    : Finished generating assets.

INFO    : Preparing to build into /home/wellsc/classes/123/Course/output/course.
INFO    : discovering source file's directory name: /home/wellsc/classes/123/Course/source
INFO    : verifying and expanding input directory: /home/wellsc/classes/123/Course/source/../assets
INFO    : input directory expanded to absolute path: /home/wellsc/classes/123/Course/assets
INFO    : discovering source file's directory name: /home/wellsc/classes/123/Course/source
INFO    : XSL conversion of /home/wellsc/classes/123/Course/source/course.ptx by /home/wellsc/.ptx/2.52.3/core/xsl/utilities/report-publisher-variables.xsl
INFO    : successful application of /home/wellsc/.ptx/2.52.3/core/xsl/utilities/report-publisher-variables.xsl
INFO    : Downloading rs services file from https://runestone.academy/cdn/runestone/latest/webpack_static_imports.xml.
INFO    : Runestone Services via online CDN query: version 8.2.10
INFO    : Downloading Runestone Services, version 8.2.10
INFO    : Extracting Runestone Services from archive file
INFO    : Building custom css theme: theme-denver
INFO    : converting /home/wellsc/classes/123/Course/source/course.ptx to HTML in /tmp/ptx-wv0cm8r4
INFO    : XSL conversion of /home/wellsc/classes/123/Course/source/course.ptx by /home/wellsc/.ptx/2.52.3/core/xsl/pretext-html.xsl
INFO    : messages from the log for XSL processing (prefaced with a *):
INFO    : * PTX:INFO:   checking all deprecated elements.
INFO    : successful application of /home/wellsc/.ptx/2.52.3/core/xsl/pretext-html.xsl
INFO    : Removing temporary directory /tmp/ptx-wv0cm8r4
INFO    : Removing temporary directory /tmp/ptx-lddyye36
INFO    : 
Finished build for target course. Run `pretext view course` to see the results.

FATAL   : There were errors during the build.  See above.
INFO    : ------------------------
exit    : Failed to build without errors.  Exiting...
INFO    : 
----------------------------------------------------
INFO    : While running pretext, the following errors occurred:

INFO    : (see log messages above or in the 'logs' folder for more information)
INFO    : ----------------------------------------------------
