WARNING : Using CLI version 2.52.1 but project's `requirements.txt`
WARNING : is configured to use 2.52.0. Consider either installing
WARNING : CLI version 2.52.0 or running `pretext update-project`
WARNING : to update `requirements.txt` and other managed files to match 2.52.1.
INFO    : Building target print
INFO    : XSL conversion of /home/wellsc/classes/123/Course/source/course.ptx by /home/wellsc/.ptx/2.52.1/core/xsl/utilities/pretext-enhanced-source.xsl
INFO    : successful application of /home/wellsc/.ptx/2.52.1/core/xsl/utilities/pretext-enhanced-source.xsl
INFO    : discovering source file's directory name: /home/wellsc/classes/123/Course/source
INFO    : verifying and expanding input directory: /home/wellsc/classes/123/Course/source/../assets
INFO    : input directory expanded to absolute path: /home/wellsc/classes/123/Course/assets
INFO    : Generating any needed assets.
INFO    : Finished generating assets.

INFO    : Preparing to build into /home/wellsc/classes/123/Course/output/print.
INFO    : discovering source file's directory name: /home/wellsc/classes/123/Course/source
INFO    : verifying and expanding input directory: /home/wellsc/classes/123/Course/source/../assets
INFO    : input directory expanded to absolute path: /home/wellsc/classes/123/Course/assets
INFO    : discovering source file's directory name: /home/wellsc/classes/123/Course/source
INFO    : XSL conversion of /home/wellsc/classes/123/Course/source/course.ptx by /home/wellsc/.ptx/2.52.1/core/xsl/utilities/report-publisher-variables.xsl
INFO    : successful application of /home/wellsc/.ptx/2.52.1/core/xsl/utilities/report-publisher-variables.xsl
INFO    : converting /home/wellsc/classes/123/Course/source/course.ptx to LaTeX as /tmp/ptx-o14i3vuh/course.tex
INFO    : XSL conversion of /home/wellsc/classes/123/Course/source/course.ptx by /home/wellsc/.ptx/2.52.1/core/xsl/pretext-latex.xsl
INFO    : messages from the log for XSL processing (prefaced with a *):
INFO    : * PTX:INFO:   checking all deprecated elements.
INFO    : successful application of /home/wellsc/.ptx/2.52.1/core/xsl/pretext-latex.xsl
INFO    : XSL conversion of /home/wellsc/classes/123/Course/source/course.ptx by /home/wellsc/.ptx/2.52.1/core/xsl/utilities/report-publisher-variables.xsl
INFO    : successful application of /home/wellsc/.ptx/2.52.1/core/xsl/utilities/report-publisher-variables.xsl
INFO    : Rerunning LaTeX for course.tex (pass 2)
INFO    : Removing temporary directory /tmp/ptx-o14i3vuh
INFO    : Removing temporary directory /tmp/ptx-rvg08kro
INFO    : Removing temporary directory /tmp/ptx-9i5ggbwx
INFO    : 
Finished build for target print. The output is in /home/wellsc/classes/123/Course/output/print.

INFO    : 
Success!  Built requested target(s) without errors.

INFO    : 
